Services:

  UNIT                                           LOAD   ACTIVE SUB     DESCRIPTION
  acpid.service                                  loaded active running ACPI event daemon
  chrony.service                                 loaded active running chrony, an NTP client/server
  cron.service                                   loaded active running Regular background program processing daemon
  dbus.service                                   loaded active running D-Bus System Message Bus
  fwupd.service                                  loaded active running Firmware update daemon
  getty@tty1.service                             loaded active running Getty on tty1
  irqbalance.service                             loaded active running irqbalance daemon
  ModemManager.service                           loaded active running Modem Manager
  multipathd.service                             loaded active running Device-Mapper Multipath Device Controller
  networkd-dispatcher.service                    loaded active running Dispatcher daemon for systemd-networkd
  polkit.service                                 loaded active running Authorization Manager
  rsyslog.service                                loaded active running System Logging Service
  serial-getty@ttyS0.service                     loaded active running Serial Getty on ttyS0
  snap.amazon-ssm-agent.amazon-ssm-agent.service loaded active running Service for snap application amazon-ssm-agent.amazon-ssm-agent
  snapd.service                                  loaded active running Snap Daemon
  ssh.service                                    loaded active running OpenBSD Secure Shell server
  systemd-journald.service                       loaded active running Journal Service
  systemd-logind.service                         loaded active running User Login Management
  systemd-networkd.service                       loaded active running Network Management
  systemd-resolved.service                       loaded active running Network Name Resolution
  systemd-udevd.service                          loaded active running Rule-based Manager for Device Events and Files
  udisks2.service                                loaded active running Disk Manager
  unattended-upgrades.service                    loaded active running Unattended Upgrades Shutdown
  user@1000.service                              loaded active running User Manager for UID 1000

Legend: LOAD   → Reflects whether the unit definition was properly loaded.
        ACTIVE → The high-level unit activation state, i.e. generalization of SUB.
        SUB    → The low-level unit activation state, values depend on unit type.

24 loaded units listed.

cpu usage:

Linux 7.0.0-1006-aws (ip-172-31-34-170) 	07/06/26 	_x86_64_	(2 CPU)

11:15:01     CPU    %usr   %nice    %sys %iowait    %irq   %soft  %steal  %guest  %gnice   %idle
11:15:01     all    0.37    0.03    0.15    0.10    0.00    0.00    0.02    0.00    0.00   99.33

Memory usage

               total        used        free      shared  buff/cache   available
Mem:             908         346         194           2         491         561
Swap:              0           0           0

Disk usage

Filesystem       Size  Used Avail Use% Mounted on
/dev/root        6.7G  2.5G  4.2G  37% /
tmpfs            455M     0  455M   0% /dev/shm
tmpfs            182M  936K  181M   1% /run
efivarfs         128K  3.1K  120K   3% /sys/firmware/efi/efivars
tmpfs            455M     0  455M   0% /tmp
none             1.0M     0  1.0M   0% /run/credentials/systemd-journald.service
none             1.0M     0  1.0M   0% /run/credentials/systemd-resolved.service
/dev/nvme0n1p13  989M   96M  827M  11% /boot
/dev/nvme0n1p15  105M  6.3M   99M   7% /boot/efi
none             1.0M     0  1.0M   0% /run/credentials/systemd-networkd.service
none             1.0M     0  1.0M   0% /run/credentials/getty@tty1.service
none             1.0M     0  1.0M   0% /run/credentials/serial-getty@ttyS0.service
tmpfs             91M  8.0K   91M   1% /run/user/1000
